// Jest Snapshot v1, https://goo.gl/fbAQLP

exports[`Test dev-only-patches: patch-package happily ignores slash because it's a dev dep 1`] = `
"SNAPSHOT: patch-package happily ignores slash because it's a dev dep
patch-package 0.0.0
Applying patches...
• Started patching the module left-pad
• left-pad@1.3.0 patched .... ✔
Skipping dev-only slash@3.0.0 ✔
END SNAPSHOT"
`;
